// Jest Snapshot v1, https://goo.gl/fbAQLP

exports[`Preloader withPreloader renders 1`] = `
<Suspense
  fallback={
    <UNDEFINED>
      loading...
    </UNDEFINED>
  }
>
  <Foo />
</Suspense>
`;
