// Jest Snapshot v1, https://goo.gl/fbAQLP

exports[`App renders 1`] = `
<Provider
  store={
    Object {
      "dispatch": [Function],
      "getState": [Function],
      "subscribe": [Function],
    }
  }
>
  <ThemeProvider
    theme={Object {}}
  >
    <WithStyles(CssBaseline) />
    <BrowserRouter>
      <Memo() />
      <Switch>
        <Memo() />
      </Switch>
    </BrowserRouter>
  </ThemeProvider>
</Provider>
`;
