// Jest Snapshot v1, https://goo.gl/fbAQLP

exports[`Routes renders 1`] = `
<Fragment>
  <Route
    component={[Function]}
    exact={true}
    path="/"
  />
  <Route
    component={[Function]}
    path="/settings"
  />
</Fragment>
`;
